digraph {
  nd_0001 [
    shape=none
  ];

  nd_0002 [
    shape=none
  ];


  label="Test 007 Label"
  labelloc=t
}
