digraph {

  label=<<font point-size="88">Test <b><font face="Courier">005</font></b></font>>
}
